
> github-streak-badge@0.1.0 test
> vitest run


[1m[30m[46m RUN [49m[39m[22m [36mv4.1.7 [39m[90m/Users/apple/Desktop/commitpulse[39m

(node:6206) [DEP0205] DeprecationWarning: `module.register()` is deprecated. Use `module.registerHooks()` instead.
(Use `node --trace-deprecation ...` to show where the warning was created)
[90mstderr[2m | app/components/FeatureCard.test.tsx[2m > [22m[2mFeatureCard[2m > [22m[2mtext content[2m > [22m[2mrenders the title
[22m[39mReact does not recognize the `whileHover` prop on a DOM element. If you intentionally want it to appear in the DOM as a custom attribute, spell it as lowercase `whilehover` instead. If you accidentally passed it from a parent component, remove it from the DOM element.

(node:6207) ExperimentalWarning: localStorage is not available because --localstorage-file was not provided.
(Use `node --trace-warnings ...` to show where the warning was created)
 [31m❯[39m app/components/navbar.test.tsx [2m([22m[2m4 tests[22m[2m | [22m[31m4 failed[39m[2m)[22m[32m 51[2mms[22m[39m
[31m     [31m×[31m menu is hidden by default[39m[32m 37[2mms[22m[39m
[31m     [31m×[31m opens menu on button click[39m[32m 3[2mms[22m[39m
[31m     [31m×[31m closes menu on second click[39m[32m 3[2mms[22m[39m
[31m     [31m×[31m closes menu on resize to desktop[39m[32m 2[2mms[22m[39m
Not implemented: navigation to another Document
 [32m✓[39m app/components/SuccessGuide.test.tsx [2m([22m[2m5 tests[22m[2m)[22m[32m 156[2mms[22m[39m
 [32m✓[39m components/dashboard/GrowthTrendChart.test.tsx [2m([22m[2m2 tests[22m[2m)[22m[32m 171[2mms[22m[39m
 [32m✓[39m app/components/FeatureCard.test.tsx [2m([22m[2m15 tests[22m[2m)[22m[32m 267[2mms[22m[39m
 [32m✓[39m app/components/CustomizeCTA.test.tsx [2m([22m[2m12 tests[22m[2m)[22m[32m 299[2mms[22m[39m
 [32m✓[39m app/components/HeroSection.test.tsx [2m([22m[2m5 tests[22m[2m)[22m[32m 232[2mms[22m[39m
 [32m✓[39m app/customize/components/ExportPanel.test.tsx [2m([22m[2m1 test[22m[2m)[22m[32m 243[2mms[22m[39m
 [32m✓[39m components/dashboard/CommitClock.test.tsx [2m([22m[2m5 tests[22m[2m)[22m[32m 282[2mms[22m[39m
 [32m✓[39m components/dashboard/Heatmap.test.tsx [2m([22m[2m5 tests[22m[2m)[22m[32m 288[2mms[22m[39m
[90mstderr[2m | app/api/streak/route.test.ts[2m > [22m[2mGET /api/streak[2m > [22m[2merror handling[2m > [22m[2mreturns 500 with SVG content type when fetchGitHubContributions throws
[22m[39m[streak] Unhandled error: API is down

[90mstderr[2m | app/api/streak/route.test.ts[2m > [22m[2mGET /api/streak[2m > [22m[2merror handling[2m > [22m[2membeds the thrown error message in the error SVG
[22m[39m[streak] Unhandled error: API is down

[90mstderr[2m | app/api/streak/route.test.ts[2m > [22m[2mGET /api/streak[2m > [22m[2merror handling[2m > [22m[2mnever caches an error response
[22m[39m[streak] Unhandled error: Network failure

[90mstderr[2m | app/api/streak/route.test.ts[2m > [22m[2mGET /api/streak[2m > [22m[2merror handling[2m > [22m[2mreturns a valid 500 SVG even when something non-Error is thrown
[22m[39m[streak] Unhandled error: Unknown error

[90mstderr[2m | app/api/streak/route.test.ts[2m > [22m[2mGET /api/streak[2m > [22m[2merror handling[2m > [22m[2mreturns a well-formed SVG structure even in the error state
[22m[39m[streak] Unhandled error: crash

[90mstderr[2m | app/page.test.tsx[2m > [22m[2mLandingPage[2m > [22m[2mrenders the main heading
[22m[39mReact does not recognize the `whileHover` prop on a DOM element. If you intentionally want it to appear in the DOM as a custom attribute, spell it as lowercase `whilehover` instead. If you accidentally passed it from a parent component, remove it from the DOM element.
React does not recognize the `whileTap` prop on a DOM element. If you intentionally want it to appear in the DOM as a custom attribute, spell it as lowercase `whiletap` instead. If you accidentally passed it from a parent component, remove it from the DOM element.

 [32m✓[39m app/api/streak/route.test.ts [2m([22m[2m97 tests[22m[2m)[22m[32m 190[2mms[22m[39m
 [32m✓[39m components/dashboard/ProfileCard.test.tsx [2m([22m[2m7 tests[22m[2m)[22m[32m 214[2mms[22m[39m
[90mstderr[2m | app/page.test.tsx[2m > [22m[2mLandingPage[2m > [22m[2mrenders recent searches and applies a recent search when clicked
[22m[39mAn update to LandingPage inside a test was not wrapped in act(...).

When testing, code that causes React state updates should be wrapped into act(...):

act(() => {
  /* fire events that update state */
});
/* assert on the output */

This ensures that you're testing the behavior the user would see in the browser. Learn more at https://react.dev/link/wrap-tests-with-act
An update to LandingPage inside a test was not wrapped in act(...).

When testing, code that causes React state updates should be wrapped into act(...):

act(() => {
  /* fire events that update state */
});
/* assert on the output */

This ensures that you're testing the behavior the user would see in the browser. Learn more at https://react.dev/link/wrap-tests-with-act

 [32m✓[39m components/dashboard/DashboardClient.test.tsx [2m([22m[2m4 tests[22m[2m)[22m[33m 485[2mms[22m[39m
[90mstderr[2m | app/page.test.tsx[2m > [22m[2mLandingPage[2m > [22m[2menables the Watch Dashboard link after a username is entered
[22m[39mAn update to LandingPage inside a test was not wrapped in act(...).

When testing, code that causes React state updates should be wrapped into act(...):

act(() => {
  /* fire events that update state */
});
/* assert on the output */

This ensures that you're testing the behavior the user would see in the browser. Learn more at https://react.dev/link/wrap-tests-with-act
An update to LandingPage inside a test was not wrapped in act(...).

When testing, code that causes React state updates should be wrapped into act(...):

act(() => {
  /* fire events that update state */
});
/* assert on the output */

This ensures that you're testing the behavior the user would see in the browser. Learn more at https://react.dev/link/wrap-tests-with-act

[90mstderr[2m | components/dashboard/ShareSheet.test.tsx[2m > [22m[2mShareSheet[2m > [22m[2mhandles Download PNG action in dark mode
[22m[39mAn update to ShareSheet inside a test was not wrapped in act(...).

When testing, code that causes React state updates should be wrapped into act(...):

act(() => {
  /* fire events that update state */
});
/* assert on the output */

This ensures that you're testing the behavior the user would see in the browser. Learn more at https://react.dev/link/wrap-tests-with-act

[90mstderr[2m | components/dashboard/ShareSheet.test.tsx[2m > [22m[2mShareSheet[2m > [22m[2mhandles Download PNG action in light mode
[22m[39mAn update to ShareSheet inside a test was not wrapped in act(...).

When testing, code that causes React state updates should be wrapped into act(...):

act(() => {
  /* fire events that update state */
});
/* assert on the output */

This ensures that you're testing the behavior the user would see in the browser. Learn more at https://react.dev/link/wrap-tests-with-act

 [32m✓[39m components/dashboard/ShareSheet.test.tsx [2m([22m[2m15 tests[22m[2m)[22m[33m 1013[2mms[22m[39m
     [33m[2m✓[22m[39m calls onClose when close button is clicked [33m 303[2mms[22m[39m
[90mstderr[2m | app/page.test.tsx[2m > [22m[2mLandingPage[2m > [22m[2mtoggles the clear button X visibility and clears the input in username field on click
[22m[39mAn update to LandingPage inside a test was not wrapped in act(...).

When testing, code that causes React state updates should be wrapped into act(...):

act(() => {
  /* fire events that update state */
});
/* assert on the output */

This ensures that you're testing the behavior the user would see in the browser. Learn more at https://react.dev/link/wrap-tests-with-act
An update to LandingPage inside a test was not wrapped in act(...).

When testing, code that causes React state updates should be wrapped into act(...):

act(() => {
  /* fire events that update state */
});
/* assert on the output */

This ensures that you're testing the behavior the user would see in the browser. Learn more at https://react.dev/link/wrap-tests-with-act

 [32m✓[39m app/page.test.tsx [2m([22m[2m15 tests[22m[2m)[22m[33m 1048[2mms[22m[39m
[90mstderr[2m | components/dashboard/AIInsights.test.tsx[2m > [22m[2mAIInsights[2m > [22m[2mshould render the AI Insights heading
[22m[39mReact does not recognize the `whileInView` prop on a DOM element. If you intentionally want it to appear in the DOM as a custom attribute, spell it as lowercase `whileinview` instead. If you accidentally passed it from a parent component, remove it from the DOM element.

[90mstderr[2m | components/dashboard/StatsCard.test.tsx[2m > [22m[2mStatsCard[2m > [22m[2mshould render the title prop text
[22m[39mReact does not recognize the `whileInView` prop on a DOM element. If you intentionally want it to appear in the DOM as a custom attribute, spell it as lowercase `whileinview` instead. If you accidentally passed it from a parent component, remove it from the DOM element.
React does not recognize the `whileHover` prop on a DOM element. If you intentionally want it to appear in the DOM as a custom attribute, spell it as lowercase `whilehover` instead. If you accidentally passed it from a parent component, remove it from the DOM element.

 [32m✓[39m components/dashboard/RadarChart.test.tsx [2m([22m[2m2 tests[22m[2m)[22m[32m 116[2mms[22m[39m
[90mstderr[2m | app/api/og/route.test.ts[2m > [22m[2mOG Route[2m > [22m[2mfalls back to zeros when github fetch fails
[22m[39m[OG] stats fetch failed: Error: GitHub API failed
    at [90m/Users/apple/Desktop/commitpulse/[39mapp/api/og/route.test.ts:39:59
    at [90mfile:///Users/apple/Desktop/commitpulse/[39mnode_modules/[4m@vitest/runner[24m/dist/chunk-artifact.js:302:11
    at [90mfile:///Users/apple/Desktop/commitpulse/[39mnode_modules/[4m@vitest/runner[24m/dist/chunk-artifact.js:1903:26
    at [90mfile:///Users/apple/Desktop/commitpulse/[39mnode_modules/[4m@vitest/runner[24m/dist/chunk-artifact.js:2326:20
    at new Promise (<anonymous>)
    at runWithCancel [90m(file:///Users/apple/Desktop/commitpulse/[39mnode_modules/[4m@vitest/runner[24m/dist/chunk-artifact.js:2323:10[90m)[39m
    at [90mfile:///Users/apple/Desktop/commitpulse/[39mnode_modules/[4m@vitest/runner[24m/dist/chunk-artifact.js:2305:20
    at new Promise (<anonymous>)
    at runWithTimeout [90m(file:///Users/apple/Desktop/commitpulse/[39mnode_modules/[4m@vitest/runner[24m/dist/chunk-artifact.js:2272:10[90m)[39m
    at [90mfile:///Users/apple/Desktop/commitpulse/[39mnode_modules/[4m@vitest/runner[24m/dist/chunk-artifact.js:2955:64

[90mstderr[2m | app/api/og/route.test.ts[2m > [22m[2mOG Route[2m > [22m[2mhandles missing user query param
[22m[39m[OG] stats fetch failed: Error: GitHub API failed
    at [90m/Users/apple/Desktop/commitpulse/[39mapp/api/og/route.test.ts:39:59
    at [90mfile:///Users/apple/Desktop/commitpulse/[39mnode_modules/[4m@vitest/runner[24m/dist/chunk-artifact.js:302:11
    at [90mfile:///Users/apple/Desktop/commitpulse/[39mnode_modules/[4m@vitest/runner[24m/dist/chunk-artifact.js:1903:26
    at [90mfile:///Users/apple/Desktop/commitpulse/[39mnode_modules/[4m@vitest/runner[24m/dist/chunk-artifact.js:2326:20
    at new Promise (<anonymous>)
    at runWithCancel [90m(file:///Users/apple/Desktop/commitpulse/[39mnode_modules/[4m@vitest/runner[24m/dist/chunk-artifact.js:2323:10[90m)[39m
    at [90mfile:///Users/apple/Desktop/commitpulse/[39mnode_modules/[4m@vitest/runner[24m/dist/chunk-artifact.js:2305:20
    at new Promise (<anonymous>)
    at runWithTimeout [90m(file:///Users/apple/Desktop/commitpulse/[39mnode_modules/[4m@vitest/runner[24m/dist/chunk-artifact.js:2272:10[90m)[39m
    at [90mfile:///Users/apple/Desktop/commitpulse/[39mnode_modules/[4m@vitest/runner[24m/dist/chunk-artifact.js:2955:64

 [32m✓[39m components/dashboard/AIInsights.test.tsx [2m([22m[2m5 tests[22m[2m)[22m[32m 97[2mms[22m[39m
 [32m✓[39m app/api/og/route.test.ts [2m([22m[2m5 tests[22m[2m)[22m[32m 135[2mms[22m[39m
 [32m✓[39m app/components/Footer.test.tsx [2m([22m[2m4 tests[22m[2m)[22m[32m 96[2mms[22m[39m
 [32m✓[39m components/dashboard/StatsCard.test.tsx [2m([22m[2m7 tests[22m[2m)[22m[32m 132[2mms[22m[39m
 [32m✓[39m components/dashboard/LanguageChart.test.tsx [2m([22m[2m6 tests[22m[2m)[22m[32m 164[2mms[22m[39m
 [32m✓[39m app/api/stats/route.test.ts [2m([22m[2m12 tests[22m[2m)[22m[32m 90[2mms[22m[39m
 [32m✓[39m components/dashboard/StatsCardSkeleton.test.tsx [2m([22m[2m4 tests[22m[2m)[22m[32m 96[2mms[22m[39m
 [32m✓[39m components/dashboard/ComparisonStatsCard.test.tsx [2m([22m[2m4 tests[22m[2m)[22m[32m 126[2mms[22m[39m
 [32m✓[39m components/dashboard/Achievements.test.tsx [2m([22m[2m4 tests[22m[2m)[22m[32m 200[2mms[22m[39m
 [32m✓[39m lib/calculate.test.ts [2m([22m[2m33 tests[22m[2m)[22m[32m 87[2mms[22m[39m
 [32m✓[39m utils/time.test.ts [2m([22m[2m14 tests[22m[2m)[22m[32m 67[2mms[22m[39m
 [32m✓[39m app/(root)/dashboard/[username]/page.test.tsx [2m([22m[2m5 tests[22m[2m)[22m[32m 144[2mms[22m[39m
 [32m✓[39m hooks/useRecentSearches.test.ts [2m([22m[2m7 tests[22m[2m)[22m[32m 57[2mms[22m[39m
 [32m✓[39m lib/cache.test.ts [2m([22m[2m38 tests[22m[2m)[22m[32m 48[2mms[22m[39m
 [32m✓[39m utils/tracking.test.ts [2m([22m[2m3 tests[22m[2m)[22m[32m 20[2mms[22m[39m
 [32m✓[39m lib/svg/generator.test.ts [2m([22m[2m70 tests[22m[2m)[22m[32m 39[2mms[22m[39m
 [32m✓[39m lib/rate-limit.test.ts [2m([22m[2m4 tests[22m[2m)[22m[32m 19[2mms[22m[39m
 [32m✓[39m app/api/track-user/route.test.ts [2m([22m[2m8 tests[22m[2m)[22m[32m 32[2mms[22m[39m
 [32m✓[39m lib/validations.test.ts [2m([22m[2m25 tests[22m[2m)[22m[32m 26[2mms[22m[39m
 [32m✓[39m app/api/github/route.test.ts [2m([22m[2m5 tests[22m[2m)[22m[32m 22[2mms[22m[39m
 [32m✓[39m lib/mongodb.test.ts [2m([22m[2m4 tests[22m[2m)[22m[32m 13[2mms[22m[39m
 [32m✓[39m lib/svg/sanitizer.test.ts [2m([22m[2m25 tests[22m[2m)[22m[32m 14[2mms[22m[39m
 [32m✓[39m lib/svg/layout.test.ts [2m([22m[2m12 tests[22m[2m)[22m[32m 9[2mms[22m[39m
 [32m✓[39m lib/svg/animations.test.ts [2m([22m[2m4 tests[22m[2m)[22m[32m 5[2mms[22m[39m
 [32m✓[39m app/customize/utils.test.ts [2m([22m[2m6 tests[22m[2m)[22m[32m 5[2mms[22m[39m
 [32m✓[39m models/User.test.ts [2m([22m[2m6 tests[22m[2m)[22m[32m 6[2mms[22m[39m
 [32m✓[39m components/dashboard/ActivityLandscape.test.ts [2m([22m[2m5 tests[22m[2m)[22m[32m 6[2mms[22m[39m
 [32m✓[39m app/customize/types.test.ts [2m([22m[2m1 test[22m[2m)[22m[32m 4[2mms[22m[39m
 [32m✓[39m lib/export3d.test.ts [2m([22m[2m1 test[22m[2m)[22m[32m 5[2mms[22m[39m
 [32m✓[39m lib/github.test.ts [2m([22m[2m49 tests[22m[2m)[22m[33m 21108[2mms[22m[39m
     [33m[2m✓[22m[39m throws with the status code when the server returns 500 [33m 3506[2mms[22m[39m
     [33m[2m✓[22m[39m throws when fetch itself rejects due to a network failure [33m 3503[2mms[22m[39m
     [33m[2m✓[22m[39m throws status code error on other failures [33m 3503[2mms[22m[39m
     [33m[2m✓[22m[39m throws status code error on failure [33m 3504[2mms[22m[39m
     [33m[2m✓[22m[39m throws if profile fetch fails [33m 3504[2mms[22m[39m
     [33m[2m✓[22m[39m handles repos fetch failure gracefully [33m 3506[2mms[22m[39m

[31m⎯⎯⎯⎯⎯⎯⎯[39m[1m[41m Failed Tests 4 [49m[22m[31m⎯⎯⎯⎯⎯⎯⎯[39m

[41m[1m FAIL [22m[49m app/components/navbar.test.tsx[2m > [22mNavbar mobile menu[2m > [22mmenu is hidden by default
[41m[1m FAIL [22m[49m app/components/navbar.test.tsx[2m > [22mNavbar mobile menu[2m > [22mopens menu on button click
[41m[1m FAIL [22m[49m app/components/navbar.test.tsx[2m > [22mNavbar mobile menu[2m > [22mcloses menu on second click
[41m[1m FAIL [22m[49m app/components/navbar.test.tsx[2m > [22mNavbar mobile menu[2m > [22mcloses menu on resize to desktop
[31m[1mTypeError[22m: Cannot read properties of undefined (reading 'getItem')[39m
[36m [2m❯[22m app/components/navbar.tsx:[2m36:25[22m[39m
    [90m 34|[39m     [35mif[39m ([35mtypeof[39m window [33m===[39m [32m'undefined'[39m) [35mreturn[39m [35mtrue[39m[33m;[39m
    [90m 35|[39m
    [90m 36|[39m     [35mreturn[39m localStorage[33m.[39m[34mgetItem[39m([32m'theme'[39m) [33m!==[39m [32m'light'[39m[33m;[39m
    [90m   |[39m                         [31m^[39m
    [90m 37|[39m   })[33m;[39m
    [90m 38|[39m
[90m [2m❯[22m mountStateImpl node_modules/react-dom/cjs/react-dom-client.development.js:[2m8268:24[22m[39m
[90m [2m❯[22m mountState node_modules/react-dom/cjs/react-dom-client.development.js:[2m8289:22[22m[39m
[90m [2m❯[22m Object.useState node_modules/react-dom/cjs/react-dom-client.development.js:[2m26243:18[22m[39m
[90m [2m❯[22m process.env.NODE_ENV.exports.useState node_modules/react/cjs/react.development.js:[2m1263:34[22m[39m
[90m [2m❯[22m Navbar app/components/navbar.tsx:[2m33:31[22m[39m
[90m [2m❯[22m Object.react_stack_bottom_frame node_modules/react-dom/cjs/react-dom-client.development.js:[2m25904:20[22m[39m
[90m [2m❯[22m renderWithHooks node_modules/react-dom/cjs/react-dom-client.development.js:[2m7662:22[22m[39m
[90m [2m❯[22m updateFunctionComponent node_modules/react-dom/cjs/react-dom-client.development.js:[2m10166:19[22m[39m
[90m [2m❯[22m beginWork node_modules/react-dom/cjs/react-dom-client.development.js:[2m11778:18[22m[39m

[31m[2m⎯⎯⎯⎯⎯⎯⎯⎯⎯⎯⎯⎯⎯⎯⎯⎯⎯⎯⎯⎯⎯⎯⎯⎯[1/4]⎯[22m[39m


[2m Test Files [22m [1m[31m1 failed[39m[22m[2m | [22m[1m[32m44 passed[39m[22m[90m (45)[39m
[2m      Tests [22m [1m[31m4 failed[39m[22m[2m | [22m[1m[32m566 passed[39m[22m[90m (570)[39m
[2m   Start at [22m 11:02:29
[2m   Duration [22m 23.57s[2m (transform 4.45s, setup 0ms, import 14.56s, tests 27.93s, environment 66.13s)[22m

